// Vitest Snapshot v1, https://vitest.dev/guide/snapshot.html

exports[`createStableKey > Object params > Test full example 1`] = `"{"key1":1,"key2":[1,2,3],"key3":true,"key7":{"key1":"2025-02-11T08:58:32.075Z","key2":true},"key8":"a string"}"`;
