// Vitest Snapshot v1, https://vitest.dev/guide/snapshot.html

exports[`Tests with algorithm "deflate" > toEncodedString > should match snapshot 1`] = `"eJz7MH9Gl25iUnJKapru4ZWHFxzeqWtgaGRsYvphVGJUYlRiVGJUYlRiVGJUYlRisEoAANJ0Tvk="`;

exports[`Tests with algorithm "gzip" > toEncodedString > should match snapshot 1`] = `"H4sIAAAAAAAAA/swf0aXbmJSckpqmu7hlYcXHN6pa2BoZGxi+mFUYlRiVGJUYlRiVGJUYlRiVGKwSgAAtKgf6sQJAAA="`;
