// Vitest Snapshot v1, https://vitest.dev/guide/snapshot.html

exports[`Tests with algorithm "deflate" > Compress & Decompress string with encoding "base64" > Compressor.toEncodedString > compressed based64 should match snapshot 1`] = `"eJztyTkRgDAQAEBFN/wlgxa+iEEBHbRIoI6hSMAF1W675TqPmJd121PkJ9/5jbppu36oprE455xzzjnnnHPOOeecc84555xzzjnnnHPOOeecc84555xzzjnnnHPOOeecc84555xzzjnnnHPOOeecc84555xzzjnn3I/3AWlmsfQ="`;

exports[`Tests with algorithm "deflate" > Compress & Decompress string with encoding "base64_urlsafe" > Compressor.toEncodedString > compressed based64 should match snapshot 1`] = `"eJztyTkRgDAQAEBFN_wlgxa-iEEBHbRIoI6hSMAF1W675TqPmJd121PkJ9_5jbppu36oprE455xzzjnnnHPOOeecc84555xzzjnnnHPOOeecc84555xzzjnnnHPOOeecc84555xzzjnnnHPOOeecc84555xzzjnn3I_3AWlmsfQ"`;

exports[`Tests with algorithm "gzip" > Compress & Decompress string with encoding "base64" > Compressor.toEncodedString > compressed based64 should match snapshot 1`] = `"H4sIAAAAAAAAA+3JORGAMBAAQEU3/CWDFr6IQQEdtEigjqFIwAXVbrvlOo+Yl3XbU+Qn3/mNumm7fqimsTjnnHPOOeecc84555xzzjnnnHPOOeecc84555xzzjnnnHPOOeecc84555xzzjnnnHPOOeecc84555xzzjnnnHPOOefcj/cBeR8D3GBtAAA="`;

exports[`Tests with algorithm "gzip" > Compress & Decompress string with encoding "base64_urlsafe" > Compressor.toEncodedString > compressed based64 should match snapshot 1`] = `"H4sIAAAAAAAAA-3JORGAMBAAQEU3_CWDFr6IQQEdtEigjqFIwAXVbrvlOo-Yl3XbU-Qn3_mNumm7fqimsTjnnHPOOeecc84555xzzjnnnHPOOeecc84555xzzjnnnHPOOeecc84555xzzjnnnHPOOeecc84555xzzjnnnHPOOefcj_cBeR8D3GBtAAA"`;
