// Vitest Snapshot v1, https://vitest.dev/guide/snapshot.html

exports[`HttpUnprocessableEntity (422) with field validation issues > should return unmodified http validation issues 1`] = `[HttpUnprocessableEntity: Unprocessable entity]`;
