// Vitest Snapshot v1, https://vitest.dev/guide/snapshot.html

exports[`HttpBadRequest (400) with deprecated field validation > should return unmodified errors 1`] = `[HttpBadRequest: Bad request]`;

exports[`HttpUnprocessableEntity (422) with field validation errors > should return unmodified errors 1`] = `[HttpUnprocessableEntity: Unprocessable entity]`;
