// Vitest Snapshot v1, https://vitest.dev/guide/snapshot.html

exports[`barcode assertions tests > should throw custom error when barcode is invalid 1`] = `[Error: cool]`;

exports[`barcode assertions tests > should throw when barcode is invalid 1`] = `[Error: Invalid ean13 barcode]`;
